Ôöî  [36mBuilding Nuxt for production...[39m
Ôöé
ÔùÅ  [32mNuxt [1m4.4.2[22m[39m[90m (with [39m[90mNitro [1m2.13.1[22m[39m[90m, Vite [1m7.3.1[22m[39m[90m and Vue [1m3.5.30[22m[39m[90m)[39m
[90m[[90mnuxt:tailwindcss[90m][39m [36mÔä╣[39m Using default Tailwind CSS file
[90m[[90m@nuxtjs/sitemap[90m][39m [36mÔä╣[39m No dynamic sources detected. Consider enabling [36mzeroRuntime[39m to reduce server bundle size. See https://nuxtseo.com/sitemap/guides/zero-runtime
Ôöé
ÔùÅ  Nitro preset: [36mnode-server[39m
[36mÔä╣[39m Building client...
[36mÔä╣[39m [36mvite v7.3.1 [32mbuilding client environment for production...[36m[39m
node.exe : 
At line:1 char:1
+ & "C:\Program Files\n
odejs/node.exe" "C:\Pro
gram Files\nodejs/node_
mo ...
+ ~~~~~~~~~~~~~~~~~~~~~
~~~~~~~~~~~~~~~~~~~~~~~
~~~~~~~~~~~~~~~~~~~~~~~
~~
    + CategoryInfo     
         : NotSpecifi  
  ed: (:String) [],    
 RemoteException
    + FullyQualifiedEr 
   rorId : NativeComm  
  andError
 
[43m[30m WARN [39m[
49m [33m[plugin nuxt:m
odule-preload-polyfill]
 Sourcemap is likely to
 be incorrect: a plugin
 (nuxt:module-preload-p
olyfill) was used to tr
ansform files, but didn
't generate a sourcemap
 for the transformation
. Consult the plugin do
cumentation for help[3
9m

[36mÔä╣[39m transforming...
[36mÔä╣[39m [32mÔ£ô[39m 76 modules transformed.

[41m[30m ERROR [39m
[49m [31mÔ£ù[39m Buil
d failed in 1.69s

Ôöé
Ôûá  Nuxt build error: SyntaxError: [31m[vite:vue] [vue/compiler-sfc] Unexpected token, expected "," (146:14)
Ôöé
Ôöé  C:/Users/umut/Desktop/ccc/app/pages/bolumler/[slug].vue
Ôöé  247|        'Toplumlar─▒ ve medeniyetleri in┼şa eden en sayg─▒n iki vizyon: Mimarl─▒k ve ─░n┼şaat. UGD b├╝nyesinde bu iki fak├╝lte, "S├╝rd├╝r├╝lebilir ┼Şehircilik (Urbanizm)" konseptiyle Avrupa Birli─şi reg├╝lasyonlar─▒na (Eurocode) tam sayg─▒l─▒ bir m├╝fredatla harmanlanm─▒┼şt─▒r. T├╝rkiye\'de say─▒sal zek├ólarla, tasar─▒msal yeteneklerin s─▒nav ka─ş─▒d─▒nda ├ğarp─▒┼şt─▒─ş─▒ YKS mant─▒─ş─▒n─▒ saf d─▒┼ş─▒ b─▒rakarak; vizyonunuzu bir ├ğizim ka─ş─▒d─▒nda de─şil, devasa CAD st├╝dyolar─▒nda ├Âzg├╝r b─▒rak─▒rs─▒n─▒z.',
Ôöé  248|        'Sadece kolon kiri┼ş hesaplamalar─▒ ve statik dinamik de─şil; deprem m├╝hendisli─şi, r├╝zgar analiz sistemleri, ├ğelik mimari ve postmodern sanat ak─▒mlar─▒n─▒n end├╝striyel tasar─▒ma d├Âk├╝l├╝┼ş├╝ i┼şlenir. ├û─şrenciler proje teslimat haftalar─▒nda Maket (Prototip) laboratuvarlar─▒nda kamp kurarak, 3D yaz─▒c─▒larla projelerine can verirler.',
Ôöé  249|        'Avrupa'n─▒n kalbinde yer alan Makedonya'n─▒n tarihi ve mimari dokusu (Br├╝talist Balkan esintileri) ile ─░talya'n─▒n modern ─░talyan mermer/tasar─▒m ak─▒mlar─▒ bu fak├╝ltenin staj k├╝lt├╝r├╝n├╝n bel kemi─şini olu┼şturur.'
Ôöé     |                ^
Ôöé  250|      ],
Ôöé  251|      curriculumHighlights: [[39m
Ôöé  file: [36mC:/Users/umut/Desktop/ccc/app/pages/bolumler/[slug].vue?macro=true:146:14[39m
